{
    "@context": "\/api\/v2\/contexts\/AvatarImage",
    "@id": "\/api\/v2\/admin\/administrators\/@integer@\/avatar-image",
    "@type": "AvatarImage",
    "id": @integer@,
    "path": "uo\/avatar_image.jpg",
    "owner": "\/api\/v2\/admin\/administrators\/@integer@"
}
