{
    "@context": "/api/v2/contexts/AvatarImage",
    "@id": "/api/v2/admin/avatar-images/@integer@",
    "@type": "AvatarImage",
    "id": @integer@,
    "path": "@string@\/ford.jpg",
    "owner": "\/api\/v2\/admin\/administrators/@integer@"
}
