{
    "@context": "\/api\/v2\/contexts\/ConstraintViolationList",
    "@type": "ConstraintViolationList",
    "hydra:title": "An error occurred",
    "hydra:description": "rules[0].configuration[count]: This value should be of type numeric.\nrules[1].configuration[group_code]: Customer group with code wrong does not exist.\nrules[2].configuration[nth]: This value should be of type numeric.\nrules[3].configuration[country]: Country with code wrong does not exist.\nrules[4].configuration[taxons][0]: Taxon with code wrong does not exist.\nrules[5].configuration[WEB][amount]: This value should be of type numeric.\nrules[5].configuration[WEB][taxon]: Taxon with code wrong does not exist.\nrules[5].configuration[MOBILE]: This field is missing.\nrules[6].configuration[product_code]: Product with code wrong does not exist.\nrules[7].configuration[WEB]: This field is missing.\nrules[7].configuration[MOBILE][amount]: This field is missing.",
    "violations": [
        {
            "propertyPath": "rules[0].configuration[count]",
            "message": "This value should be of type numeric.",
            "code": @string@
        },
        {
            "propertyPath": "rules[1].configuration[group_code]",
            "message": "Customer group with code wrong does not exist.",
            "code": null
        },
        {
            "propertyPath": "rules[2].configuration[nth]",
            "message": "This value should be of type numeric.",
            "code": @string@
        },
        {
            "propertyPath": "rules[3].configuration[country]",
            "message": "Country with code wrong does not exist.",
            "code": null
        },
        {
            "propertyPath": "rules[4].configuration[taxons][0]",
            "message": "Taxon with code wrong does not exist.",
            "code": null
        },
        {
            "propertyPath": "rules[5].configuration[WEB][amount]",
            "message": "This value should be of type numeric.",
            "code": @string@
        },
        {
            "propertyPath": "rules[5].configuration[WEB][taxon]",
            "message": "Taxon with code wrong does not exist.",
            "code": null
        },
        {
            "propertyPath": "rules[5].configuration[MOBILE]",
            "message": "This field is missing.",
            "code": @string@
        },
        {
            "propertyPath": "rules[6].configuration[product_code]",
            "message": "Product with code wrong does not exist.",
            "code": null
        },
        {
            "propertyPath": "rules[7].configuration[WEB]",
            "message": "This field is missing.",
            "code": @string@
        },
        {
            "propertyPath": "rules[7].configuration[MOBILE][amount]",
            "message": "This field is missing.",
            "code": @string@
        }
    ]
}
