{
    "@context": "\/api\/v2\/contexts\/ConstraintViolationList",
    "@type": "ConstraintViolationList",
    "hydra:title": "An error occurred",
    "hydra:description": "actions[0].configuration[WEB][amount]: This value should be of type numeric.\nactions[0].configuration[MOBILE]: This field is missing.\nactions[1].configuration[WEB][amount]: This field is missing.\nactions[1].configuration[WEB][filters]: This value should be of type array|(Traversable&ArrayAccess).\nactions[1].configuration[MOBILE]: This field is missing.\nactions[2].configuration[percentage]: The percentage discount must be between 0% and 100%.\nactions[3].configuration[WEB][percentage]: The percentage discount must be between 0% and 100%.\nactions[3].configuration[MOBILE][percentage]: This field is missing.\nactions[4].configuration[percentage]: This field is missing.",
    "violations": [
        {
            "propertyPath": "actions[0].configuration[WEB][amount]",
            "message": "This value should be of type numeric.",
            "code": @string@
        },
        {
            "propertyPath": "actions[0].configuration[MOBILE]",
            "message": "This field is missing.",
            "code": @string@
        },
        {
            "propertyPath": "actions[1].configuration[WEB][amount]",
            "message": "This field is missing.",
            "code": @string@
        },
        {
            "propertyPath": "actions[1].configuration[WEB][filters]",
            "message": "This value should be of type array|(Traversable&ArrayAccess).",
            "code": null
        },
        {
            "propertyPath": "actions[1].configuration[MOBILE]",
            "message": "This field is missing.",
            "code": @string@
        },
        {
            "propertyPath": "actions[2].configuration[percentage]",
            "message": "The percentage discount must be between 0% and 100%.",
            "code": @string@
        },
        {
            "propertyPath": "actions[3].configuration[WEB][percentage]",
            "message": "The percentage discount must be between 0% and 100%.",
            "code": @string@
        },
        {
            "propertyPath": "actions[3].configuration[MOBILE][percentage]",
            "message": "This field is missing.",
            "code": @string@
        },
        {
            "propertyPath": "actions[4].configuration[percentage]",
            "message": "This field is missing.",
            "code": @string@
        }
    ]
}
